// Jest Snapshot v1, https://goo.gl/fbAQLP

exports[`javascript_third_parties_openai insecure 1`] = `
"{
  "high": [
    {
      "cwe_ids": [
        "201"
      ],
      "id": "javascript_third_parties_openai",
      "title": "Leakage of sensitive data to OpenAI",
      "description": "## Description\\nLeaking sensitive data to third-party is a common cause of data leaks and can lead to data breaches. This rule looks for instances of sensitive data sent to OpenAI.\\n\\n## Remediations\\n\\nWhen using a third-party, ensure all sensitive data is removed.\\n",
      "documentation_url": "https://docs.bearer.com/reference/rules/javascript_third_parties_openai",
      "line_number": 8,
      "full_filename": "/tmp/bearer-scan/insecure.js",
      "filename": ".",
      "data_type": {
        "category_uuid": "cef587dd-76db-430b-9e18-7b031e1a193b",
        "name": "Email Address"
      },
      "category_groups": [
        "PII",
        "Personal Data"
      ],
      "source": {
        "start": 10,
        "end": 10,
        "column": {
          "start": 26,
          "end": 36
        }
      },
      "sink": {
        "start": 8,
        "end": 11,
        "column": {
          "start": 26,
          "end": 3
        },
        "content": "openai.createCompletion({\\n  model: \\"text-davinci-003\\",\\n  prompt: \`Hello world \${user.email}\`,\\n})"
      },
      "parent_line_number": 8,
      "snippet": "openai.createCompletion({\\n  model: \\"text-davinci-003\\",\\n  prompt: \`Hello world \${user.email}\`,\\n})",
      "fingerprint": "5bb06b54684897680375ebb1559bacfd_0",
      "old_fingerprint": "13b565e880e29c576c454fa1935f87ea_0",
      "code_extract": "const completion = await openai.createCompletion({\\n  model: \\"text-davinci-003\\",\\n  prompt: \`Hello world \${user.email}\`,\\n})"
    }
  ]
}"
`;
