// Jest Snapshot v1, https://goo.gl/fbAQLP

exports[`php_lang_hardcoded_secret bad 1`] = `
"{
  "high": [
    {
      "cwe_ids": [
        "798"
      ],
      "id": "php_lang_hardcoded_secret",
      "title": "Usage of hard-coded secret",
      "description": "## Description\\n\\nApplications should store secret values securely and not as literal values\\nin the source code.\\n\\n## Remediations\\n\\n✅ Retrieve secrets from a secure location at runtime\\n\\n## Resources\\n- [OWASP hardcoded passwords](https://owasp.org/www-community/vulnerabilities/Use_of_hard-coded_password)\\n- [OWASP secrets management cheat sheet](https://cheatsheetseries.owasp.org/cheatsheets/Secrets_Management_Cheat_Sheet.html#21-high-availability)\\n",
      "documentation_url": "https://docs.bearer.com/reference/rules/php_lang_hardcoded_secret",
      "line_number": 3,
      "full_filename": "/tmp/bearer-scan/bad.php",
      "filename": ".",
      "source": {
        "start": 3,
        "end": 3,
        "column": {
          "start": 1,
          "end": 35
        }
      },
      "sink": {
        "start": 3,
        "end": 3,
        "column": {
          "start": 1,
          "end": 35
        },
        "content": "$password = \\".uYikE-os3cM23rz.i6Q\\""
      },
      "parent_line_number": 3,
      "snippet": "$password = \\".uYikE-os3cM23rz.i6Q\\"",
      "fingerprint": "ba37e9f182eb13db954d2068c1b17529_0",
      "old_fingerprint": "aa5a00908c71041045b4f43d3f0489f2_0",
      "code_extract": "$password = \\".uYikE-os3cM23rz.i6Q\\";"
    },
    {
      "cwe_ids": [
        "798"
      ],
      "id": "php_lang_hardcoded_secret",
      "title": "Usage of hard-coded secret",
      "description": "## Description\\n\\nApplications should store secret values securely and not as literal values\\nin the source code.\\n\\n## Remediations\\n\\n✅ Retrieve secrets from a secure location at runtime\\n\\n## Resources\\n- [OWASP hardcoded passwords](https://owasp.org/www-community/vulnerabilities/Use_of_hard-coded_password)\\n- [OWASP secrets management cheat sheet](https://cheatsheetseries.owasp.org/cheatsheets/Secrets_Management_Cheat_Sheet.html#21-high-availability)\\n",
      "documentation_url": "https://docs.bearer.com/reference/rules/php_lang_hardcoded_secret",
      "line_number": 5,
      "full_filename": "/tmp/bearer-scan/bad.php",
      "filename": ".",
      "source": {
        "start": 5,
        "end": 5,
        "column": {
          "start": 1,
          "end": 40
        }
      },
      "sink": {
        "start": 5,
        "end": 5,
        "column": {
          "start": 1,
          "end": 40
        },
        "content": "const API_KEY = \\".uYikE-os3cM23rz.i6Q\\";"
      },
      "parent_line_number": 5,
      "snippet": "const API_KEY = \\".uYikE-os3cM23rz.i6Q\\";",
      "fingerprint": "ba37e9f182eb13db954d2068c1b17529_1",
      "old_fingerprint": "aa5a00908c71041045b4f43d3f0489f2_1",
      "code_extract": "const API_KEY = \\".uYikE-os3cM23rz.i6Q\\";"
    },
    {
      "cwe_ids": [
        "798"
      ],
      "id": "php_lang_hardcoded_secret",
      "title": "Usage of hard-coded secret",
      "description": "## Description\\n\\nApplications should store secret values securely and not as literal values\\nin the source code.\\n\\n## Remediations\\n\\n✅ Retrieve secrets from a secure location at runtime\\n\\n## Resources\\n- [OWASP hardcoded passwords](https://owasp.org/www-community/vulnerabilities/Use_of_hard-coded_password)\\n- [OWASP secrets management cheat sheet](https://cheatsheetseries.owasp.org/cheatsheets/Secrets_Management_Cheat_Sheet.html#21-high-availability)\\n",
      "documentation_url": "https://docs.bearer.com/reference/rules/php_lang_hardcoded_secret",
      "line_number": 7,
      "full_filename": "/tmp/bearer-scan/bad.php",
      "filename": ".",
      "source": {
        "start": 7,
        "end": 7,
        "column": {
          "start": 5,
          "end": 57
        }
      },
      "sink": {
        "start": 7,
        "end": 7,
        "column": {
          "start": 5,
          "end": 57
        },
        "content": "[ \\"secret\\" => \\".uYikE-os3cM23rz.i6Q\\", \\"other\\" => 42]"
      },
      "parent_line_number": 7,
      "snippet": "[ \\"secret\\" => \\".uYikE-os3cM23rz.i6Q\\", \\"other\\" => 42]",
      "fingerprint": "ba37e9f182eb13db954d2068c1b17529_2",
      "old_fingerprint": "aa5a00908c71041045b4f43d3f0489f2_2",
      "code_extract": "foo([ \\"secret\\" => \\".uYikE-os3cM23rz.i6Q\\", \\"other\\" => 42]);"
    },
    {
      "cwe_ids": [
        "798"
      ],
      "id": "php_lang_hardcoded_secret",
      "title": "Usage of hard-coded secret",
      "description": "## Description\\n\\nApplications should store secret values securely and not as literal values\\nin the source code.\\n\\n## Remediations\\n\\n✅ Retrieve secrets from a secure location at runtime\\n\\n## Resources\\n- [OWASP hardcoded passwords](https://owasp.org/www-community/vulnerabilities/Use_of_hard-coded_password)\\n- [OWASP secrets management cheat sheet](https://cheatsheetseries.owasp.org/cheatsheets/Secrets_Management_Cheat_Sheet.html#21-high-availability)\\n",
      "documentation_url": "https://docs.bearer.com/reference/rules/php_lang_hardcoded_secret",
      "line_number": 12,
      "full_filename": "/tmp/bearer-scan/bad.php",
      "filename": ".",
      "source": {
        "start": 12,
        "end": 12,
        "column": {
          "start": 1,
          "end": 35
        }
      },
      "sink": {
        "start": 12,
        "end": 12,
        "column": {
          "start": 1,
          "end": 35
        },
        "content": "f(api_key: \\".uYikE-os3cM23rz.i6Q\\")"
      },
      "parent_line_number": 12,
      "snippet": "f(api_key: \\".uYikE-os3cM23rz.i6Q\\")",
      "fingerprint": "ba37e9f182eb13db954d2068c1b17529_3",
      "old_fingerprint": "aa5a00908c71041045b4f43d3f0489f2_3",
      "code_extract": "f(api_key: \\".uYikE-os3cM23rz.i6Q\\");"
    },
    {
      "cwe_ids": [
        "798"
      ],
      "id": "php_lang_hardcoded_secret",
      "title": "Usage of hard-coded secret",
      "description": "## Description\\n\\nApplications should store secret values securely and not as literal values\\nin the source code.\\n\\n## Remediations\\n\\n✅ Retrieve secrets from a secure location at runtime\\n\\n## Resources\\n- [OWASP hardcoded passwords](https://owasp.org/www-community/vulnerabilities/Use_of_hard-coded_password)\\n- [OWASP secrets management cheat sheet](https://cheatsheetseries.owasp.org/cheatsheets/Secrets_Management_Cheat_Sheet.html#21-high-availability)\\n",
      "documentation_url": "https://docs.bearer.com/reference/rules/php_lang_hardcoded_secret",
      "line_number": 13,
      "full_filename": "/tmp/bearer-scan/bad.php",
      "filename": ".",
      "source": {
        "start": 13,
        "end": 13,
        "column": {
          "start": 1,
          "end": 38
        }
      },
      "sink": {
        "start": 13,
        "end": 13,
        "column": {
          "start": 1,
          "end": 38
        },
        "content": "C::f(api_key: \\".uYikE-os3cM23rz.i6Q\\")"
      },
      "parent_line_number": 13,
      "snippet": "C::f(api_key: \\".uYikE-os3cM23rz.i6Q\\")",
      "fingerprint": "ba37e9f182eb13db954d2068c1b17529_4",
      "old_fingerprint": "aa5a00908c71041045b4f43d3f0489f2_4",
      "code_extract": "C::f(api_key: \\".uYikE-os3cM23rz.i6Q\\");"
    },
    {
      "cwe_ids": [
        "798"
      ],
      "id": "php_lang_hardcoded_secret",
      "title": "Usage of hard-coded secret",
      "description": "## Description\\n\\nApplications should store secret values securely and not as literal values\\nin the source code.\\n\\n## Remediations\\n\\n✅ Retrieve secrets from a secure location at runtime\\n\\n## Resources\\n- [OWASP hardcoded passwords](https://owasp.org/www-community/vulnerabilities/Use_of_hard-coded_password)\\n- [OWASP secrets management cheat sheet](https://cheatsheetseries.owasp.org/cheatsheets/Secrets_Management_Cheat_Sheet.html#21-high-availability)\\n",
      "documentation_url": "https://docs.bearer.com/reference/rules/php_lang_hardcoded_secret",
      "line_number": 14,
      "full_filename": "/tmp/bearer-scan/bad.php",
      "filename": ".",
      "source": {
        "start": 14,
        "end": 14,
        "column": {
          "start": 1,
          "end": 39
        }
      },
      "sink": {
        "start": 14,
        "end": 14,
        "column": {
          "start": 1,
          "end": 39
        },
        "content": "$x->f(api_key: \\".uYikE-os3cM23rz.i6Q\\")"
      },
      "parent_line_number": 14,
      "snippet": "$x->f(api_key: \\".uYikE-os3cM23rz.i6Q\\")",
      "fingerprint": "ba37e9f182eb13db954d2068c1b17529_5",
      "old_fingerprint": "aa5a00908c71041045b4f43d3f0489f2_5",
      "code_extract": "$x->f(api_key: \\".uYikE-os3cM23rz.i6Q\\");"
    }
  ]
}"
`;

exports[`php_lang_hardcoded_secret ok 1`] = `"{}"`;
