// Jest Snapshot v1, https://goo.gl/fbAQLP

exports[`ruby_lang_weak_password_hash_md digest_md5_data 1`] = `
"{
  "high": [
    {
      "cwe_ids": [
        "331",
        "328",
        "916"
      ],
      "id": "ruby_lang_weak_password_hash_md",
      "title": "Weak password hashing (MD5) detected.",
      "description": "## Description\\n\\nA weak hashing library can lead to data breaches and greater security risk.\\n\\n## Remediations\\nAccording to [OWASP](https://owasp.org/www-project-web-security-testing-guide/latest/4-Web_Application_Security_Testing/09-Testing_for_Weak_Cryptography/04-Testing_for_Weak_Encryption), MD5 and its predecessors are considered weak hash algorithms and therefore shouldn't be used.\\n\\n✅ Use a recommended hashing library such as bcrypt or Argon2id for passwords\\n\\n\`\`\`ruby\\nBCrypt::Password.create(\\"password_123\\")\\n\`\`\`\\n\\n\`\`\`ruby\\nhasher = Argon2::Password.new()\\nhasher.create(\\"password_123\\")\\n\`\`\`\\n\\n## Resources\\n- [OWASP Password Storage Cheat Sheet](https://cheatsheetseries.owasp.org/cheatsheets/Password_Storage_Cheat_Sheet.html)\\n- [BCrypt Explained](https://dev.to/sylviapap/bcrypt-explained-4k5c)\\n- [ruby-argon2](https://github.com/technion/ruby-argon2)\\n",
      "documentation_url": "https://docs.bearer.com/reference/rules/ruby_lang_weak_password_hash_md",
      "line_number": 1,
      "full_filename": "/tmp/bearer-scan/digest_md5_data.rb",
      "filename": ".",
      "data_type": {
        "category_uuid": "dd88aee5-9d40-4ad2-8983-0c791ddec47c",
        "name": "Passwords"
      },
      "category_groups": [
        "PII",
        "Personal Data"
      ],
      "source": {
        "start": 1,
        "end": 1,
        "column": {
          "start": 23,
          "end": 36
        }
      },
      "sink": {
        "start": 1,
        "end": 1,
        "column": {
          "start": 1,
          "end": 37
        },
        "content": "Digest::MD5.hexdigest(user.password)"
      },
      "parent_line_number": 1,
      "snippet": "Digest::MD5.hexdigest(user.password)",
      "fingerprint": "b83963f29f4460fcee1ffc2479f2ba4d_0",
      "old_fingerprint": "414fd75a5cfa82e53d7ca50c7b768927_0",
      "code_extract": "Digest::MD5.hexdigest(user.password)"
    },
    {
      "cwe_ids": [
        "331",
        "328",
        "916"
      ],
      "id": "ruby_lang_weak_password_hash_md",
      "title": "Weak password hashing (MD5) detected.",
      "description": "## Description\\n\\nA weak hashing library can lead to data breaches and greater security risk.\\n\\n## Remediations\\nAccording to [OWASP](https://owasp.org/www-project-web-security-testing-guide/latest/4-Web_Application_Security_Testing/09-Testing_for_Weak_Cryptography/04-Testing_for_Weak_Encryption), MD5 and its predecessors are considered weak hash algorithms and therefore shouldn't be used.\\n\\n✅ Use a recommended hashing library such as bcrypt or Argon2id for passwords\\n\\n\`\`\`ruby\\nBCrypt::Password.create(\\"password_123\\")\\n\`\`\`\\n\\n\`\`\`ruby\\nhasher = Argon2::Password.new()\\nhasher.create(\\"password_123\\")\\n\`\`\`\\n\\n## Resources\\n- [OWASP Password Storage Cheat Sheet](https://cheatsheetseries.owasp.org/cheatsheets/Password_Storage_Cheat_Sheet.html)\\n- [BCrypt Explained](https://dev.to/sylviapap/bcrypt-explained-4k5c)\\n- [ruby-argon2](https://github.com/technion/ruby-argon2)\\n",
      "documentation_url": "https://docs.bearer.com/reference/rules/ruby_lang_weak_password_hash_md",
      "line_number": 3,
      "full_filename": "/tmp/bearer-scan/digest_md5_data.rb",
      "filename": ".",
      "data_type": {
        "category_uuid": "dd88aee5-9d40-4ad2-8983-0c791ddec47c",
        "name": "Passwords"
      },
      "category_groups": [
        "PII",
        "Personal Data"
      ],
      "source": {
        "start": 3,
        "end": 3,
        "column": {
          "start": 20,
          "end": 33
        }
      },
      "sink": {
        "start": 3,
        "end": 3,
        "column": {
          "start": 1,
          "end": 33
        },
        "content": "Digest::MD5.new << user.password"
      },
      "parent_line_number": 3,
      "snippet": "Digest::MD5.new << user.password",
      "fingerprint": "b83963f29f4460fcee1ffc2479f2ba4d_1",
      "old_fingerprint": "414fd75a5cfa82e53d7ca50c7b768927_1",
      "code_extract": "Digest::MD5.new << user.password"
    }
  ]
}"
`;

exports[`ruby_lang_weak_password_hash_md ok_not_a_password 1`] = `"{}"`;

exports[`ruby_lang_weak_password_hash_md openssl_md5_data 1`] = `
"{
  "high": [
    {
      "cwe_ids": [
        "331",
        "328",
        "916"
      ],
      "id": "ruby_lang_weak_password_hash_md",
      "title": "Weak password hashing (MD5) detected.",
      "description": "## Description\\n\\nA weak hashing library can lead to data breaches and greater security risk.\\n\\n## Remediations\\nAccording to [OWASP](https://owasp.org/www-project-web-security-testing-guide/latest/4-Web_Application_Security_Testing/09-Testing_for_Weak_Cryptography/04-Testing_for_Weak_Encryption), MD5 and its predecessors are considered weak hash algorithms and therefore shouldn't be used.\\n\\n✅ Use a recommended hashing library such as bcrypt or Argon2id for passwords\\n\\n\`\`\`ruby\\nBCrypt::Password.create(\\"password_123\\")\\n\`\`\`\\n\\n\`\`\`ruby\\nhasher = Argon2::Password.new()\\nhasher.create(\\"password_123\\")\\n\`\`\`\\n\\n## Resources\\n- [OWASP Password Storage Cheat Sheet](https://cheatsheetseries.owasp.org/cheatsheets/Password_Storage_Cheat_Sheet.html)\\n- [BCrypt Explained](https://dev.to/sylviapap/bcrypt-explained-4k5c)\\n- [ruby-argon2](https://github.com/technion/ruby-argon2)\\n",
      "documentation_url": "https://docs.bearer.com/reference/rules/ruby_lang_weak_password_hash_md",
      "line_number": 1,
      "full_filename": "/tmp/bearer-scan/openssl_md5_data.rb",
      "filename": ".",
      "data_type": {
        "category_uuid": "dd88aee5-9d40-4ad2-8983-0c791ddec47c",
        "name": "Passwords"
      },
      "category_groups": [
        "PII",
        "Personal Data"
      ],
      "source": {
        "start": 1,
        "end": 1,
        "column": {
          "start": 29,
          "end": 42
        }
      },
      "sink": {
        "start": 1,
        "end": 1,
        "column": {
          "start": 1,
          "end": 43
        },
        "content": "OpenSSL::Digest::MD5.digest(user.password)"
      },
      "parent_line_number": 1,
      "snippet": "OpenSSL::Digest::MD5.digest(user.password)",
      "fingerprint": "b83963f29f4460fcee1ffc2479f2ba4d_0",
      "old_fingerprint": "66f1c853bb2780fa8cf7485059be3971_0",
      "code_extract": "OpenSSL::Digest::MD5.digest(user.password)"
    }
  ]
}"
`;
