// Jest Snapshot v1, https://goo.gl/fbAQLP

exports[`ruby_rails_detailed_exceptions bad 1`] = `
"{
  "low": [
    {
      "cwe_ids": [
        "209"
      ],
      "id": "ruby_rails_detailed_exceptions",
      "title": "Detailed error reporting detected.",
      "description": "## Description\\n\\nReturning detailed error messages to users could reveal sensitive\\ninformation. This could lead to\\n\\n## Remediations\\n\\n❌ Don't configure your application to return details for every error:\\n\\n\`\`\`ruby\\nconfig.consider_all_requests_local = false\\n\`\`\`\\n\\n❌ Don't use \`show_detailed_exceptions?\` in controllers:\\n\\n\`\`\`ruby\\nclass MyController < ApplicationController\\n  def show_detailed_exceptions?\\n    ...\\n  end\\nend\\n\`\`\`\\n",
      "documentation_url": "https://docs.bearer.com/reference/rules/ruby_rails_detailed_exceptions",
      "line_number": 2,
      "full_filename": "/tmp/bearer-scan/bad.rb",
      "filename": ".",
      "source": {
        "start": 2,
        "end": 4,
        "column": {
          "start": 3,
          "end": 6
        }
      },
      "sink": {
        "start": 2,
        "end": 4,
        "column": {
          "start": 3,
          "end": 6
        },
        "content": "def show_detailed_exceptions?\\n    foo\\n  end"
      },
      "parent_line_number": 2,
      "snippet": "def show_detailed_exceptions?\\n    foo\\n  end",
      "fingerprint": "7059a2ab8162be1224ad1d584c3607a6_0",
      "old_fingerprint": "0bf871ae7978273fdccfc0aebb7b25b7_0"
    },
    {
      "cwe_ids": [
        "209"
      ],
      "id": "ruby_rails_detailed_exceptions",
      "title": "Detailed error reporting detected.",
      "description": "## Description\\n\\nReturning detailed error messages to users could reveal sensitive\\ninformation. This could lead to\\n\\n## Remediations\\n\\n❌ Don't configure your application to return details for every error:\\n\\n\`\`\`ruby\\nconfig.consider_all_requests_local = false\\n\`\`\`\\n\\n❌ Don't use \`show_detailed_exceptions?\` in controllers:\\n\\n\`\`\`ruby\\nclass MyController < ApplicationController\\n  def show_detailed_exceptions?\\n    ...\\n  end\\nend\\n\`\`\`\\n",
      "documentation_url": "https://docs.bearer.com/reference/rules/ruby_rails_detailed_exceptions",
      "line_number": 7,
      "full_filename": "/tmp/bearer-scan/bad.rb",
      "filename": ".",
      "source": {
        "start": 7,
        "end": 7,
        "column": {
          "start": 1,
          "end": 42
        }
      },
      "sink": {
        "start": 7,
        "end": 7,
        "column": {
          "start": 1,
          "end": 42
        },
        "content": "config.consider_all_requests_local = true"
      },
      "parent_line_number": 7,
      "snippet": "config.consider_all_requests_local = true",
      "fingerprint": "7059a2ab8162be1224ad1d584c3607a6_1",
      "old_fingerprint": "0bf871ae7978273fdccfc0aebb7b25b7_1"
    }
  ]
}"
`;

exports[`ruby_rails_detailed_exceptions development 1`] = `"{}"`;

exports[`ruby_rails_detailed_exceptions ok 1`] = `"{}"`;
