// Jest Snapshot v1, https://goo.gl/fbAQLP

exports[`java_lang_information_leakage leak 1`] = `
"{
  "warning": [
    {
      "cwe_ids": [
        "209"
      ],
      "id": "java_lang_information_leakage",
      "title": "Possible information leakage detected.",
      "description": "## Description\\n\\nPrinting a stack trace to the default output is risky because it may contain sensitive information such as the technical details of your application or environment (which in turn could expose your application to path traversal attacks, for example), or worse, user-specific data.\\n\\n## Remediations\\n\\n❌ Avoid printing the full stack trace\\n\\n✅ Less is more! Only log the minimum required details in error messages\\n\\n## Resources\\n\\n- [Web Application Security Consortium: Information Leakage](http://projects.webappsec.org/w/page/13246936/Information%20Leakage)\\n",
      "documentation_url": "https://docs.bearer.com/reference/rules/java_lang_information_leakage",
      "line_number": 8,
      "full_filename": "/tmp/bearer-scan/leak.java",
      "filename": ".",
      "source": {
        "start": 8,
        "end": 8,
        "column": {
          "start": 7,
          "end": 26
        }
      },
      "sink": {
        "start": 8,
        "end": 8,
        "column": {
          "start": 7,
          "end": 26
        },
        "content": "e.printStackTrace()"
      },
      "parent_line_number": 8,
      "snippet": "e.printStackTrace()",
      "fingerprint": "9fff3d7f302686a23685fc6d2a7ac46c_0",
      "old_fingerprint": "44b55b6bf1b6b0a9c92735f6f2b4bf25_0",
      "code_extract": "      e.printStackTrace();"
    }
  ]
}"
`;

exports[`java_lang_information_leakage ok 1`] = `"{}"`;
