// Jest Snapshot v1, https://goo.gl/fbAQLP

exports[`java_lang_cookie_missing_secure bad 1`] = `
"{
  "low": [
    {
      "cwe_ids": [
        "614"
      ],
      "id": "java_lang_cookie_missing_secure",
      "title": "Missing secure options for cookie detected.",
      "description": "## Description\\n\\nThe \\"Secure\\" attribute when set to \\"true\\" ensures that a client will only send\\nthe cookie to the server when HTTPS is being used. This prevents the cookie\\nfrom being observed by unauthorized third parties.\\n\\n## Remediations\\n\\n✅ Set \`setSecure\` to \`true\`\\n\\n\`\`\`java\\ncookie.setSecure(true);\\n\`\`\`\\n",
      "documentation_url": "https://docs.bearer.com/reference/rules/java_lang_cookie_missing_secure",
      "line_number": 6,
      "full_filename": "/tmp/bearer-scan/bad.java",
      "filename": ".",
      "source": {
        "start": 6,
        "end": 6,
        "column": {
          "start": 21,
          "end": 57
        }
      },
      "sink": {
        "start": 6,
        "end": 6,
        "column": {
          "start": 21,
          "end": 57
        },
        "content": "new Cookie(COOKIE_NAME, cookieValue)"
      },
      "parent_line_number": 6,
      "snippet": "new Cookie(COOKIE_NAME, cookieValue)",
      "fingerprint": "c4bc05c07b10e54f98f66405ee9722e7_0",
      "old_fingerprint": "b08f7460785779d809c152233cf5afdf_0"
    }
  ]
}"
`;

exports[`java_lang_cookie_missing_secure ok 1`] = `"{}"`;
