// Jest Snapshot v1, https://goo.gl/fbAQLP

exports[`javascript_third_parties_rollbar browser_insecure 1`] = `
"{
  "high": [
    {
      "cwe_ids": [
        "201"
      ],
      "id": "javascript_third_parties_rollbar",
      "title": "Leakage of sensitive data to RollBar",
      "description": "## Description\\n\\nLeaking sensitive data to third-party error logging tools is a common cause of data leaks and can lead to data breaches. This rule looks for instances of sensitive data sent to Rollbar.\\n\\n## Remediations\\n\\nWhen sending data to logging libraries, ensure all sensitive data is removed.\\n\\nIf you really need to identify users, use unique identifiers from the database.\\n\\n\`\`\`javascript\\n  Rollbar.critical(\\"Connection error from remote Payments API\\", user.uuid);\\n\`\`\`\\n\\n## Resources\\n- [OWASP logging cheat sheet](https://cheatsheetseries.owasp.org/cheatsheets/Logging_Cheat_Sheet.html)\\n",
      "documentation_url": "https://docs.bearer.com/reference/rules/javascript_third_parties_rollbar",
      "line_number": 3,
      "full_filename": "/tmp/bearer-scan/browser_insecure.js",
      "filename": ".",
      "data_type": {
        "category_uuid": "14124881-6b92-4fc5-8005-ea7c1c09592e",
        "name": "Fullname"
      },
      "category_groups": [
        "PII",
        "Personal Data"
      ],
      "source": {
        "start": 1,
        "end": 1,
        "column": {
          "start": 16,
          "end": 28
        }
      },
      "sink": {
        "start": 3,
        "end": 3,
        "column": {
          "start": 1,
          "end": 68
        },
        "content": "Rollbar.critical(\\"Connection error from remote Payments API\\", user)"
      },
      "parent_line_number": 3,
      "snippet": "Rollbar.critical(\\"Connection error from remote Payments API\\", user)",
      "fingerprint": "550f52afa2d5c58ba3d7c0686d5fb696_0",
      "old_fingerprint": "3754a72a6068ba10038717ffc426f823_0",
      "code_extract": "Rollbar.critical(\\"Connection error from remote Payments API\\", user);"
    }
  ]
}"
`;

exports[`javascript_third_parties_rollbar browser_secure 1`] = `"{}"`;
