// Jest Snapshot v1, https://goo.gl/fbAQLP

exports[`java_lang_insecure_cookie bad 1`] = `
"{
  "low": [
    {
      "cwe_ids": [
        "614"
      ],
      "id": "java_lang_insecure_cookie",
      "title": "Missing secure options for cookie detected.",
      "description": "## Description\\n\\nTo make sure cookies don't open your application up to exploits or unauthorized access, make sure to set security options appropriately.\\n\\n## Remediations\\n\\n✅ Set \`Secure\` to \`true\` to force cookies to only be sent over HTTPS\\n\\n\`\`\`java\\ncookie.setSecure(true);\\n\`\`\`\\n",
      "documentation_url": "https://docs.bearer.com/reference/rules/java_lang_insecure_cookie",
      "line_number": 8,
      "full_filename": "/tmp/bearer-scan/bad.java",
      "filename": ".",
      "source": {
        "start": 8,
        "end": 8,
        "column": {
          "start": 5,
          "end": 24
        }
      },
      "sink": {
        "start": 8,
        "end": 8,
        "column": {
          "start": 5,
          "end": 24
        },
        "content": "c1.setSecure(false)"
      },
      "parent_line_number": 8,
      "snippet": "c1.setSecure(false)",
      "fingerprint": "ebb3bb66f61c10a70c9710467ac46faf_0",
      "old_fingerprint": "5221acf9beea014b2cdb88e2ee84fbd0_0",
      "code_extract": "    c1.setSecure(false);"
    },
    {
      "cwe_ids": [
        "614"
      ],
      "id": "java_lang_insecure_cookie",
      "title": "Missing secure options for cookie detected.",
      "description": "## Description\\n\\nTo make sure cookies don't open your application up to exploits or unauthorized access, make sure to set security options appropriately.\\n\\n## Remediations\\n\\n✅ Set \`Secure\` to \`true\` to force cookies to only be sent over HTTPS\\n\\n\`\`\`java\\ncookie.setSecure(true);\\n\`\`\`\\n",
      "documentation_url": "https://docs.bearer.com/reference/rules/java_lang_insecure_cookie",
      "line_number": 12,
      "full_filename": "/tmp/bearer-scan/bad.java",
      "filename": ".",
      "source": {
        "start": 12,
        "end": 12,
        "column": {
          "start": 5,
          "end": 20
        }
      },
      "sink": {
        "start": 12,
        "end": 12,
        "column": {
          "start": 5,
          "end": 20
        },
        "content": "c2.setSecure(f)"
      },
      "parent_line_number": 12,
      "snippet": "c2.setSecure(f)",
      "fingerprint": "ebb3bb66f61c10a70c9710467ac46faf_1",
      "old_fingerprint": "5221acf9beea014b2cdb88e2ee84fbd0_1",
      "code_extract": "    c2.setSecure(f);"
    }
  ]
}"
`;

exports[`java_lang_insecure_cookie bad_http_only 1`] = `"{}"`;

exports[`java_lang_insecure_cookie ok 1`] = `"{}"`;
