// Jest Snapshot v1, https://goo.gl/fbAQLP

exports[`go_gosec_file_permissions_file_perm test 1`] = `
"{
  "low": [
    {
      "cwe_ids": [
        "732"
      ],
      "id": "go_gosec_file_permissions_file_perm",
      "title": "Incorrect permission assignment for critical resource",
      "description": "## Description\\n\\nThe application was found setting file permissions to overly permissive values.\\n\\n## Remediations\\n\\nConsider using the following values if the application user is the only process to access the file:\\n\\n- 0400 - read only access to the file\\n- 0200 - write only access to the file\\n- 0600 - read/write access to the file\\n\\n\`\`\`go\\nf, err := os.OpenFile(\\"file.txt\\", os.O_CREATE, 0600)\\nif err != nil {\\n  log.Fatal(err)\\n}\\ndefer f.Close()\\n// continue to work with file here\\n\`\`\`\\n",
      "documentation_url": "https://docs.bearer.com/reference/rules/go_gosec_file_permissions_file_perm",
      "line_number": 10,
      "full_filename": "/tmp/bearer-scan/main.go",
      "filename": ".",
      "source": {
        "start": 10,
        "end": 10,
        "column": {
          "start": 9,
          "end": 40
        }
      },
      "sink": {
        "start": 10,
        "end": 10,
        "column": {
          "start": 9,
          "end": 40
        },
        "content": "os.Chmod(\\"/tmp/somefile\\", 0777)"
      },
      "parent_line_number": 10,
      "snippet": "os.Chmod(\\"/tmp/somefile\\", 0777)",
      "fingerprint": "209f59925365847834972fad1f6b8239_0",
      "old_fingerprint": "d7910697f643b646416f0860cd20d867_0",
      "code_extract": "\\terr := os.Chmod(\\"/tmp/somefile\\", 0777) // detected"
    },
    {
      "cwe_ids": [
        "732"
      ],
      "id": "go_gosec_file_permissions_file_perm",
      "title": "Incorrect permission assignment for critical resource",
      "description": "## Description\\n\\nThe application was found setting file permissions to overly permissive values.\\n\\n## Remediations\\n\\nConsider using the following values if the application user is the only process to access the file:\\n\\n- 0400 - read only access to the file\\n- 0200 - write only access to the file\\n- 0600 - read/write access to the file\\n\\n\`\`\`go\\nf, err := os.OpenFile(\\"file.txt\\", os.O_CREATE, 0600)\\nif err != nil {\\n  log.Fatal(err)\\n}\\ndefer f.Close()\\n// continue to work with file here\\n\`\`\`\\n",
      "documentation_url": "https://docs.bearer.com/reference/rules/go_gosec_file_permissions_file_perm",
      "line_number": 18,
      "full_filename": "/tmp/bearer-scan/main.go",
      "filename": ".",
      "source": {
        "start": 18,
        "end": 18,
        "column": {
          "start": 12,
          "end": 68
        }
      },
      "sink": {
        "start": 18,
        "end": 18,
        "column": {
          "start": 12,
          "end": 68
        },
        "content": "os.OpenFile(\\"/tmp/thing\\", os.O_CREATE|os.O_WRONLY, 0666)"
      },
      "parent_line_number": 18,
      "snippet": "os.OpenFile(\\"/tmp/thing\\", os.O_CREATE|os.O_WRONLY, 0666)",
      "fingerprint": "209f59925365847834972fad1f6b8239_1",
      "old_fingerprint": "d7910697f643b646416f0860cd20d867_1",
      "code_extract": "\\t_, err := os.OpenFile(\\"/tmp/thing\\", os.O_CREATE|os.O_WRONLY, 0666) // detected"
    },
    {
      "cwe_ids": [
        "732"
      ],
      "id": "go_gosec_file_permissions_file_perm",
      "title": "Incorrect permission assignment for critical resource",
      "description": "## Description\\n\\nThe application was found setting file permissions to overly permissive values.\\n\\n## Remediations\\n\\nConsider using the following values if the application user is the only process to access the file:\\n\\n- 0400 - read only access to the file\\n- 0200 - write only access to the file\\n- 0600 - read/write access to the file\\n\\n\`\`\`go\\nf, err := os.OpenFile(\\"file.txt\\", os.O_CREATE, 0600)\\nif err != nil {\\n  log.Fatal(err)\\n}\\ndefer f.Close()\\n// continue to work with file here\\n\`\`\`\\n",
      "documentation_url": "https://docs.bearer.com/reference/rules/go_gosec_file_permissions_file_perm",
      "line_number": 43,
      "full_filename": "/tmp/bearer-scan/main.go",
      "filename": ".",
      "source": {
        "start": 43,
        "end": 43,
        "column": {
          "start": 12,
          "end": 82
        }
      },
      "sink": {
        "start": 43,
        "end": 43,
        "column": {
          "start": 12,
          "end": 82
        },
        "content": "os.OpenFile(\\"/tmp/thing\\", os.O_CREATE|os.O_WRONLY, fs.FileMode(perms))"
      },
      "parent_line_number": 43,
      "snippet": "os.OpenFile(\\"/tmp/thing\\", os.O_CREATE|os.O_WRONLY, fs.FileMode(perms))",
      "fingerprint": "209f59925365847834972fad1f6b8239_2",
      "old_fingerprint": "d7910697f643b646416f0860cd20d867_2",
      "code_extract": "\\t_, err := os.OpenFile(\\"/tmp/thing\\", os.O_CREATE|os.O_WRONLY, fs.FileMode(perms)) // detected"
    },
    {
      "cwe_ids": [
        "732"
      ],
      "id": "go_gosec_file_permissions_file_perm",
      "title": "Incorrect permission assignment for critical resource",
      "description": "## Description\\n\\nThe application was found setting file permissions to overly permissive values.\\n\\n## Remediations\\n\\nConsider using the following values if the application user is the only process to access the file:\\n\\n- 0400 - read only access to the file\\n- 0200 - write only access to the file\\n- 0600 - read/write access to the file\\n\\n\`\`\`go\\nf, err := os.OpenFile(\\"file.txt\\", os.O_CREATE, 0600)\\nif err != nil {\\n  log.Fatal(err)\\n}\\ndefer f.Close()\\n// continue to work with file here\\n\`\`\`\\n",
      "documentation_url": "https://docs.bearer.com/reference/rules/go_gosec_file_permissions_file_perm",
      "line_number": 51,
      "full_filename": "/tmp/bearer-scan/main.go",
      "filename": ".",
      "source": {
        "start": 51,
        "end": 51,
        "column": {
          "start": 9,
          "end": 50
        }
      },
      "sink": {
        "start": 51,
        "end": 51,
        "column": {
          "start": 9,
          "end": 50
        },
        "content": "os.WriteFile(\\"/tmp/thing\\", content, 0666)"
      },
      "parent_line_number": 51,
      "snippet": "os.WriteFile(\\"/tmp/thing\\", content, 0666)",
      "fingerprint": "209f59925365847834972fad1f6b8239_3",
      "old_fingerprint": "d7910697f643b646416f0860cd20d867_3",
      "code_extract": "\\terr := os.WriteFile(\\"/tmp/thing\\", content, 0666) // detected"
    }
  ]
}"
`;
