// Jest Snapshot v1, https://goo.gl/fbAQLP

exports[`php_symfony_permissive_allow_origin bad 1`] = `
"{
  "warning": [
    {
      "cwe_ids": [
        "346"
      ],
      "id": "php_symfony_permissive_allow_origin",
      "title": "Permissive Access-Control-Allow-Origin detected.",
      "description": "## Description\\nSetting the Access-Control-Allow-Origin header to \\"*\\" allows code from any\\norigin to access the response. This can lead to unintended access to\\nsensitive data.\\n\\n## Remediations\\n✅ Permit only the specific origins needed by your application\\n\\n\`\`\`php\\nheader(\\"Access-Control-Allow-Origin: myapp.example.com\\");\\n\`\`\`\\n\\n## Resources\\n- [OWASP Origin & Access-Control-Allow-Origin](https://owasp.org/www-project-web-security-testing-guide/latest/4-Web_Application_Security_Testing/11-Client-side_Testing/07-Testing_Cross_Origin_Resource_Sharing)\\n",
      "documentation_url": "https://docs.bearer.com/reference/rules/php_symfony_permissive_allow_origin",
      "line_number": 10,
      "full_filename": "/tmp/bearer-scan/bad.php",
      "filename": ".",
      "source": {
        "start": 10,
        "end": 10,
        "column": {
          "start": 9,
          "end": 68
        }
      },
      "sink": {
        "start": 10,
        "end": 10,
        "column": {
          "start": 9,
          "end": 68
        },
        "content": "$response->headers->set('Access-Control-Allow-Origin', \\"*\\")"
      },
      "parent_line_number": 10,
      "snippet": "$response->headers->set('Access-Control-Allow-Origin', \\"*\\")",
      "fingerprint": "9c27f4b6c1f43e564ae73666467f6ce2_0",
      "old_fingerprint": "57ac6f08b6d63fbd055429a954a80cbb_0",
      "code_extract": "        $response->headers->set('Access-Control-Allow-Origin', \\"*\\");"
    }
  ]
}"
`;

exports[`php_symfony_permissive_allow_origin ok 1`] = `"{}"`;
